HI-TECH Software C Compiler 

Linker command line:

--edf=C:\Program Files (x86)\HI-TECH Software\PICC\9.83\dat\en_msgs.txt -cs \
  -h+em7segDriver.sym -z -Q16F886 -ol.obj -Mem7segDriver.map -E1 \
  -ACONST=00h-0FFhx32 -ACODE=00h-07FFhx4 -ASTRCODE=00h-01FFFh \
  -AENTRY=00h-0FFhx32 -ASTRING=00h-0FFhx32 -ABANK0=020h-06Fh \
  -ABANK1=0A0h-0EFh -ABANK2=0110h-016Fh -ABANK3=0190h-01EFh \
  -ARAM=020h-06Fh,0A0h-0EFh,0110h-016Fh,0190h-01EFh \
  -AABS1=020h-07Fh,0A0h-0EFh,0110h-016Fh,0190h-01EFh -ACOMMON=070h-07Fh \
  -ASFR0=00h-01Fh -ASFR1=080h-09Fh -ASFR2=0100h-010Fh -ASFR3=0180h-018Fh \
  -preset_vec=00h,intentry=04h,init,end_init -ppowerup=CODE -pfunctab=CODE \
  -ACONFIG=02007h-02008h -pconfig=CONFIG -DCONFIG=2 -AIDLOC=02000h-02003h \
  -pidloc=IDLOC -DIDLOC=2 -AEEDATA=00h-0FFh/02100h -peeprom_data=EEDATA \
  -DEEDATA=2 -DCODE=2 -DSTRCODE=2 -DSTRING=2 -DCONST=2 -DENTRY=2 -k \
  startup.obj em7segDriver.obj 

Object code version is 3.10

Machine type is 16F886



                Name                               Link     Load   Length Selector   Space Scale
startup.obj     end_init                             12       12        3        8       0
                reset_vec                             0        0        3        0       0
em7segDriver.obj
                intentry                              4        4        E        8       0
                text287                              15       15      1F8        8       0
                text286                             3FC      3FC       56        8       0
                text282                             20D      20D      145        8       0
                maintext                            352      352       AA        8       0
                cstackBANK0                          20       20       4E       20       1
                cstackCOMMON                         70       70        A       70       1
                cstackBANK1                          A0       A0       14       A0       1
                inittext                            4EB      4EB       11      9A0       0
                dataBANK3                           190      190       45      190       1
                bssBANK1                             B4       B4        4       A0       1
                bssBANK0                             6E       6E        2       20       1
                bssCOMMON                            7A       7A        4       70       1
                cinit                               4D0      4D0       1B      9A0       0
                strings                             497      497       39      92E       0
                idataBANK3                          452      452       45        8       0

TOTAL           Name                               Link     Load   Length     Space
        CLASS   CONST          

        CLASS   CODE           
                end_init                             12       12        3         0
                intentry                              4        4        E         0
                reset_vec                             0        0        3         0
                text287                              15       15      1F8         0
                text286                             3FC      3FC       56         0
                text282                             20D      20D      145         0
                maintext                            352      352       AA         0
                inittext                            4EB      4EB       11         0
                cinit                               4D0      4D0       1B         0
                idataBANK3                          452      452       45         0

        CLASS   STRCODE        

        CLASS   ENTRY          

        CLASS   STRING         
                strings                             497      497       39         0

        CLASS   BANK0          
                cstackBANK0                          20       20       4E         1
                bssBANK0                             6E       6E        2         1

        CLASS   BANK1          
                cstackBANK1                          A0       A0       14         1
                bssBANK1                             B4       B4        4         1

        CLASS   BANK2          

        CLASS   BANK3          
                dataBANK3                           190      190       45         1

        CLASS   RAM            

        CLASS   ABS1           
                abs_s1                               7E       7E        2         1

        CLASS   COMMON         
                cstackCOMMON                         70       70        A         1
                bssCOMMON                            7A       7A        4         1

        CLASS   SFR0           

        CLASS   SFR1           

        CLASS   SFR2           

        CLASS   SFR3           

        CLASS   CONFIG         

        CLASS   IDLOC          

        CLASS   EEDATA         



SEGMENTS        Name                           Load    Length   Top    Selector   Space  Class     Delta

                reset_vec                      000000  000003  000003         0       0  CODE        2
                intentry                       000004  000493  000497         8       0  CODE        2
                cstackBANK0                    000020  000050  000070        20       1  BANK0       1
                cstackCOMMON                   000070  00000E  00007E        70       1  COMMON      1
                cstackBANK1                    0000A0  000018  0000B8        A0       1  BANK1       1
                dataBANK3                      000190  000045  0001D5       190       1  BANK3       1
                strings                        000497  000039  0004D0       92E       0  STRING      2
                cinit                          0004D0  00002C  0004FC       9A0       0  CODE        2


UNUSED ADDRESS RANGES

        Name                Unused          Largest block    Delta
        BANK1            0B8-0EF            38           1
        BANK2            110-16F            60           1
        BANK3            1D5-1EF            1B           1
        CODE             003-003             1           2
                         4FC-1FFF           800
        CONFIG           2007-2008             2           2
        CONST            003-003             1           2
                         4FC-1FFF           100
        EEDATA           2100-21FF           100           2
        ENTRY            003-003             1           2
                         4FC-1FFF           100
        IDLOC            2000-2003             4           2
        RAM              0B8-0EF            38           1
                         110-16F            60
                         1D5-1EF            1B
        SFR0             000-01F            20           1
        SFR1             080-09F            20           1
        SFR2             100-10F            10           1
        SFR3             180-18F            10           1
        STRCODE          003-003             1           2
                         4FC-1FFF          1B04
        STRING           003-003             1           2
                         4FC-1FFF           100

                                  Symbol Table

??_decode_num                 cstackCOMMON 071
??_delay                      cstackBANK1  0A4
??_delays                     cstackBANK1  0A4
??_freshen_disp               cstackBANK1  0A8
??_main                       cstackBANK1  0AE
??_serial                     cstackBANK0  069
??_strcpy                     cstackCOMMON 071
??_strlen                     cstackCOMMON 072
??_txd                        cstackCOMMON 070
??_uart_init                  cstackBANK1  0A2
??_uart_txt                   cstackCOMMON 076
??_write_disp                 cstackBANK1  0A6
??i1_delay                    cstackCOMMON 074
??i1_write_disp               cstackCOMMON 076
?_decode_num                  cstackCOMMON 070
?_delay                       cstackBANK1  0A0
?_delays                      cstackBANK1  0A0
?_freshen_disp                cstackCOMMON 070
?_main                        cstackCOMMON 070
?_serial                      cstackCOMMON 070
?_strcpy                      cstackCOMMON 070
?_strlen                      cstackCOMMON 070
?_txd                         cstackCOMMON 070
?_uart_init                   cstackBANK1  0A0
?_uart_txt                    cstackCOMMON 074
?_write_disp                  cstackBANK1  0A4
?i1_delay                     cstackCOMMON 070
?i1_write_disp                cstackCOMMON 074
_ADDEN                        (abs)        0C3
_ANSEL                        (abs)        188
_ANSELH                       (abs)        189
_BRG16                        (abs)        C3B
_BRGH                         (abs)        4C2
_CREN                         (abs)        0C4
_GIE                          (abs)        05F
_OPTION_REG                   (abs)        081
_OSCCON                       (abs)        08F
_PEIE                         (abs)        05E
_PORTA                        (abs)        005
_PORTC                        (abs)        007
_RA7                          (abs)        02F
_RB0                          (abs)        030
_RC0                          (abs)        038
_RC1                          (abs)        039
_RC2                          (abs)        03A
_RC3                          (abs)        03B
_RCIE                         (abs)        465
_RCIF                         (abs)        065
_RCREG                        (abs)        01A
_RCSTA                        (abs)        018
_RX9                          (abs)        0C6
_SPBRG                        (abs)        099
_SPEN                         (abs)        0C7
_SYNC                         (abs)        4C4
_TRISA                        (abs)        085
_TRISB                        (abs)        086
_TRISC                        (abs)        087
_TRISC6                       (abs)        43E
_TRISC7                       (abs)        43F
_TRMT                         (abs)        4C1
_TXIE                         (abs)        464
_TXIF                         (abs)        064
_TXREG                        (abs)        019
_TXSTA                        (abs)        098
__Habs1                       abs1         000
__Hbank0                      bank0        000
__Hbank1                      bank1        000
__Hbank2                      bank2        000
__Hbank3                      bank3        000
__HbssBANK0                   bssBANK0     000
__HbssBANK1                   bssBANK1     000
__HbssCOMMON                  bssCOMMON    000
__Hcinit                      cinit        000
__Hclrtext                    clrtext      000
__Hcode                       code         000
__Hcommon                     common       000
__Hconfig                     config       000
__HcstackBANK0                cstackBANK0  000
__HcstackBANK1                cstackBANK1  000
__HcstackCOMMON               cstackCOMMON 000
__HdataBANK3                  dataBANK3    000
__Heeprom_data                eeprom_data  000
__Hend_init                   end_init     015
__Hfunctab                    functab      000
__HidataBANK3                 idataBANK3   000
__Hidloc                      idloc        000
__Hinit                       init         012
__Hinittext                   inittext     000
__Hintentry                   intentry     012
__Hmaintext                   maintext     000
__Hpa_nodes                   pa_nodes     000
__Hpowerup                    powerup      000
__Hram                        ram          000
__Hreset_vec                  reset_vec    003
__Hsfr0                       sfr0         000
__Hsfr1                       sfr1         000
__Hsfr2                       sfr2         000
__Hsfr3                       sfr3         000
__Hstrings                    strings      000
__Htext                       text         000
__Labs1                       abs1         000
__Lbank0                      bank0        000
__Lbank1                      bank1        000
__Lbank2                      bank2        000
__Lbank3                      bank3        000
__LbssBANK0                   bssBANK0     000
__LbssBANK1                   bssBANK1     000
__LbssCOMMON                  bssCOMMON    000
__Lcinit                      cinit        000
__Lclrtext                    clrtext      000
__Lcode                       code         000
__Lcommon                     common       000
__Lconfig                     config       000
__LcstackBANK0                cstackBANK0  000
__LcstackBANK1                cstackBANK1  000
__LcstackCOMMON               cstackCOMMON 000
__LdataBANK3                  dataBANK3    000
__Leeprom_data                eeprom_data  000
__Lend_init                   end_init     012
__Lfunctab                    functab      000
__LidataBANK3                 idataBANK3   000
__Lidloc                      idloc        000
__Linit                       init         012
__Linittext                   inittext     000
__Lintentry                   intentry     004
__Lmaintext                   maintext     000
__Lpa_nodes                   pa_nodes     000
__Lpowerup                    powerup      000
__Lram                        ram          000
__Lreset_vec                  reset_vec    000
__Lsfr0                       sfr0         000
__Lsfr1                       sfr1         000
__Lsfr2                       sfr2         000
__Lsfr3                       sfr3         000
__Lstrings                    strings      000
__Ltext                       text         000
__S0                          (abs)        4FC
__S1                          (abs)        1D5
__S2                          (abs)        000
__end_of_decode_num           text287      1A4
__end_of_delay                text282      348
__end_of_delays               text282      2D5
__end_of_freshen_disp         text282      2A0
__end_of_main                 maintext     3FC
__end_of_serial               text287      0CF
__end_of_strcpy               text287      126
__end_of_strlen               text287      139
__end_of_txd                  text287      112
__end_of_uart_init            text286      452
__end_of_uart_txt             text287      10B
__end_of_write_disp           text282      32C
__end_ofi1_delay              text287      20D
__end_ofi1_write_disp         text287      1F1
__pbssBANK0                   bssBANK0     06E
__pbssBANK1                   bssBANK1     0B4
__pbssCOMMON                  bssCOMMON    07A
__pcstackBANK0                cstackBANK0  020
__pcstackBANK1                cstackBANK1  0A0
__pcstackCOMMON               cstackCOMMON 070
__pdataBANK3                  dataBANK3    190
__pidataBANK3                 idataBANK3   452
__pintentry                   intentry     004
__pmaintext                   maintext     352
__pstrings                    strings      497
__ptext282                    text282      20D
__ptext283                    text282      2D5
__ptext284                    text282      32C
__ptext285                    text282      2A0
__ptext286                    text286      3FC
__ptext287                    text287      015
__ptext288                    text287      1A4
__ptext289                    text287      0CF
__ptext290                    text287      1F1
__ptext291                    text287      139
__ptext292                    text287      126
__ptext293                    text287      112
__ptext294                    text287      10B
__ptext295                    text295      000
__size_of_decode_num          (abs)        000
__size_of_delay               (abs)        000
__size_of_delays              (abs)        000
__size_of_freshen_disp        (abs)        000
__size_of_main                (abs)        000
__size_of_serial              (abs)        000
__size_of_strcpy              (abs)        000
__size_of_strlen              (abs)        000
__size_of_txd                 (abs)        000
__size_of_uart_init           (abs)        000
__size_of_uart_txt            (abs)        000
__size_of_write_disp          (abs)        000
__size_ofi1_delay             (abs)        000
__size_ofi1_write_disp        (abs)        000
_address                      bssCOMMON    07A
_clr_flgs                     bssBANK1     0B4
_data                         bssCOMMON    07B
_decode_num                   text287      139
_delay                        text282      32C
_delays                       text282      2A0
_digit                        bssBANK0     06E
_exit                         init         012
_freshen_disp                 text282      20D
_m_address                    bssCOMMON    07C
_main                         maintext     352
_num_seg_wrt_flg              bssBANK0     06F
_received                     bssCOMMON    07D
_serial                       text287      015
_set_flgs                     bssBANK1     0B6
_strcpy                       text287      112
_strlen                       text287      126
_txd                          text287      10B
_uart_init                    text286      3FC
_uart_txt                     text287      0CF
_write_disp                   text282      2D5
btemp                         (abs)        07E
decode_num@dig                cstackCOMMON 071
decode_num@num                cstackCOMMON 070
decode_num@temp               cstackCOMMON 072
delay@x                       cstackBANK1  0A0
delays@x                      cstackBANK1  0A0
delays@y                      cstackBANK1  0A4
delays@z                      cstackBANK1  0A6
end_of_initialization         cinit        4E7
freshen_disp@cnt              cstackBANK1  0AD
freshen_disp@d                cstackBANK1  0A9
freshen_disp@d_1755           cstackBANK1  0AB
i1_delay                      text287      1F1
i1_write_disp                 text287      1A4
i1delay@x                     cstackCOMMON 070
i1l1022                                       
i1l1030                                       
i1l1054                                       
i1l1117                                       
i1l1124                                       
i1l1147                                       
i1l2101                                       
i1l2107                                       
i1l3004                                       
i1l3006                                       
i1l3008                                       
i1l3010                                       
i1l3012                                       
i1l3016                                       
i1l3020                                       
i1l3024                                       
i1l3052                                       
i1l3054                                       
i1l3060                                       
i1l3120                                       
i1l3122                                       
i1l3126                                       
i1l3128                                       
i1l3130                                       
i1l3132                                       
i1l3134                                       
i1l3136                                       
i1l3144                                       
i1l3156                                       
i1l3162                                       
i1l3168                                       
i1l3170                                       
i1l3172                                       
i1l3176                                       
i1l3178                                       
i1l3184                                       
i1l3190                                       
i1l3192                                       
i1l3194                                       
i1l3196                                       
i1l3198                                       
i1l3200                                       
i1l3202                                       
i1l3204                                       
i1l3206                                       
i1l3210                                       
i1l3216                                       
i1l3222                                       
i1l3224                                       
i1l3228                                       
i1l3232                                       
i1l3234                                       
i1l3236                                       
i1l3238                                       
i1write_disp@digit            cstackCOMMON 074
i1write_disp@segment          cstackCOMMON 075
i1write_disp@set_clr          cstackCOMMON 077
init_fetch                    inittext     4EB
init_ram                      inittext     4EF
interrupt_function            intentry     004
intlevel0                     functab      000
intlevel1                     functab      000
intlevel2                     functab      000
intlevel3                     functab      000
intlevel4                     functab      000
intlevel5                     functab      000
l1048                                         
l1054                                         
l1083                                         
l1124                                         
l2958                                         
l2960                                         
l2962                                         
l2964                                         
l2966                                         
l2968                                         
l2970                                         
l2972                                         
l2974                                         
l2978                                         
l3032                                         
l3240                                         
l3246                                         
l3248                                         
l3252                                         
l3256                                         
l3258                                         
l3260                                         
l3262                                         
l3264                                         
l3278                                         
l3280                                         
l3282                                         
l3288                                         
l3304                                         
l3306                                         
l3308                                         
l3314                                         
l3316                                         
l3318                                         
l3320                                         
l3322                                         
l3324                                         
l3326                                         
l3328                                         
l3330                                         
l3332                                         
l3334                                         
l3356                                         
l3358                                         
l3362                                         
l3364                                         
l3384                                         
l3386                                         
l3390                                         
l3394                                         
main@i                        cstackBANK1  0B2
main@j                        cstackBANK1  0B0
main@k                        cstackBANK1  0AE
reset_vec                     reset_vec    000
saved_w                       (abs)        07E
start                         init         012
start_initialization          cinit        4D0
strcpy@cp                     cstackCOMMON 073
strcpy@from                   cstackCOMMON 070
strcpy@to                     cstackCOMMON 072
strlen@cp                     cstackCOMMON 073
strlen@s                      cstackCOMMON 072
txd@write_data                cstackCOMMON 070
uart_init@baud                cstackBANK1  0A2
uart_init@rx_interrupt_enable cstackBANK1  0A0
uart_init@tx_interrupt_enable cstackBANK1  0A1
uart_txt@F1620                dataBANK3    190
uart_txt@cnt                  cstackBANK0  067
uart_txt@len                  cstackBANK0  065
uart_txt@str                  cstackBANK0  020
uart_txt@string               cstackCOMMON 074
write_disp@digit              cstackBANK1  0A4
write_disp@segment            cstackBANK1  0A5
write_disp@set_clr            cstackBANK1  0A7
wtemp0                        (abs)        07E
